../Core/Src/main.c:70:5:main	16	static
../Core/Src/main.c:144:6:SystemClock_Config	80	static
../Core/Src/main.c:180:13:MX_TIM1_Init	32	static
../Core/Src/main.c:234:13:MX_TIM3_Init	48	static
../Core/Src/main.c:292:13:MX_GPIO_Init	48	static
../Core/Src/main.c:314:6:HAL_TIM_IC_CaptureCallback	16	static
../Core/Src/main.c:328:6:HAL_TIM_PeriodElapsedCallback	16	static
../Core/Src/main.c:341:10:getUs	24	static
../Core/Src/main.c:352:6:Delay_Us	24	static
../Core/Src/main.c:362:6:Error_Handler	8	static,ignoring_inline_asm
